2026-05-31 23:18:49.008 Uvicorn server started on 0.0.0.0:8501
2026-05-31 23:21:00.167 Please replace `use_container_width` with `width`.

`use_container_width` will be removed after 2025-12-31.

For `use_container_width=True`, use `width='stretch'`. For `use_container_width=False`, use `width='content'`.
2026-05-31 23:21:00.348 Please replace `use_container_width` with `width`.

`use_container_width` will be removed after 2025-12-31.

For `use_container_width=True`, use `width='stretch'`. For `use_container_width=False`, use `width='content'`.
2026-05-31 23:21:00.622 Please replace `use_container_width` with `width`.

`use_container_width` will be removed after 2025-12-31.

For `use_container_width=True`, use `width='stretch'`. For `use_container_width=False`, use `width='content'`.
C:\workspace\ARGOS\src\argos\ui\dashboard.py:383: DeprecationWarning: *scattermapbox* is deprecated! Use *scattermap* instead. Learn more at: https://plotly.com/python/mapbox-to-maplibre/
  fig_uam.add_trace(go.Scattermapbox(
C:\workspace\ARGOS\src\argos\ui\dashboard.py:393: DeprecationWarning: *scattermapbox* is deprecated! Use *scattermap* instead. Learn more at: https://plotly.com/python/mapbox-to-maplibre/
  fig_uam.add_trace(go.Scattermapbox(
C:\workspace\ARGOS\src\argos\ui\dashboard.py:416: DeprecationWarning: *scattermapbox* is deprecated! Use *scattermap* instead. Learn more at: https://plotly.com/python/mapbox-to-maplibre/
  fig_uam.add_trace(go.Scattermapbox(
2026-05-31 23:21:00.657 Please replace `use_container_width` with `width`.

`use_container_width` will be removed after 2025-12-31.

For `use_container_width=True`, use `width='stretch'`. For `use_container_width=False`, use `width='content'`.
2026-05-31 23:21:00.670 Please replace `use_container_width` with `width`.

`use_container_width` will be removed after 2025-12-31.

For `use_container_width=True`, use `width='stretch'`. For `use_container_width=False`, use `width='content'`.
